// Jest Snapshot v1, https://goo.gl/fbAQLP

exports[`Footer renders correctly 1`] = `
.c0 {
  height: 200px;
  font-size: 3.5rem;
  font-weight: 400;
  padding-right: 16px;
  padding-bottom: 10px;
  display: -webkit-box;
  display: -webkit-flex;
  display: -ms-flexbox;
  display: flex;
  -webkit-flex-direction: column;
  -ms-flex-direction: column;
  flex-direction: column;
  -webkit-box-pack: end;
  -webkit-justify-content: flex-end;
  -ms-flex-pack: end;
  justify-content: flex-end;
  background-color: var(--secondary-background-color);
  color: var(--secondary-text-color);
}

.c0 p {
  text-align: right;
  position: relative;
}

.c0 a {
  color: var(--secondary-text-color);
  -webkit-text-decoration: none;
  text-decoration: none;
}

@media (max-width:2000px) {
  .c0 {
    height: 140px;
    font-size: 2rem;
  }
}

@media (max-width:970px) {
  .c0 {
    text-align: center;
    font-size: 1.5rem;
  }
}

@media (max-width:785px) {
  .c0 {
    height: 120px;
    background-color: transparent;
  }

  .c0 p {
    color: var(--accent-text-color);
    text-align: center;
    font-size: 1.2rem;
    padding-bottom: 32px;
  }

  .c0 a {
    color: var(--accent-text-color);
    display: block;
  }
}

@media (max-width:320px) {
  .c0 {
    font-size: 1rem;
    padding-right: 0px;
  }
}

<footer
  className="c0"
>
  <p>
    Card content thanks to:
     
    <a
      href="https://cardsagainsthumanity.com"
    >
      https://cardsagainsthumanity.com
    </a>
  </p>
  <p>
    Made by Odin students, with love:
     
    <a
      href="https://www.theodinproject.com"
    >
      https://www.theodinproject.com
    </a>
  </p>
</footer>
`;
