// Jest Snapshot v1, https://goo.gl/fbAQLP

exports[`PlayerJoin snapshot matches 1`] = `
.c2 {
  display: block;
  border: 2px solid var(--primary-text-color);
  font-size: 12px;
  font-weight: bold;
  padding: 0.7em;
  background: var(--secondary-background-color);
  color: var(--secondary-text-color);
}

.c2:hover,
.c2:active,
.c2:focus {
  background: var(--accent-background-color);
  cursor: pointer;
}

.c4 {
  display: -webkit-box;
  display: -webkit-flex;
  display: -ms-flexbox;
  display: flex;
  -webkit-flex-direction: column;
  -ms-flex-direction: column;
  flex-direction: column;
  -webkit-box-pack: end;
  -webkit-justify-content: flex-end;
  -ms-flex-pack: end;
  justify-content: flex-end;
  height: 200px;
  font-size: 3.5rem;
  font-weight: 400;
  padding-right: 16px;
  padding-bottom: 10px;
  background-color: var(--secondary-background-color);
  color: var(--secondary-text-color);
}

.c4 p {
  text-align: right;
  position: relative;
}

.c4 a {
  color: var(--secondary-text-color);
  -webkit-text-decoration: none;
  text-decoration: none;
}

.c1 {
  width: 100%;
  background-color: var(--secondary-background-color);
  color: var(--secondary-text-color);
  display: -webkit-box;
  display: -webkit-flex;
  display: -ms-flexbox;
  display: flex;
  -webkit-flex-direction: column;
  -ms-flex-direction: column;
  flex-direction: column;
  -webkit-box-pack: end;
  -webkit-justify-content: flex-end;
  -ms-flex-pack: end;
  justify-content: flex-end;
  height: min(25.6vh,420px);
}

.c1 .welcome-to {
  font-size: clamp(28px,2.6vw,66px);
  font-weight: 500;
  line-height: 100%;
  margin-bottom: max(-1vw,-21px);
}

.c1 .CoC {
  font-size: clamp(48px,7vw,175px);
  font-weight: 700;
  line-height: 100%;
  margin-bottom: max(-1.1vw,-30px);
  padding-right: 5px;
}

.c0 {
  position: fixed;
  top: 0;
  bottom: 0;
  left: 0;
  right: 0;
  display: grid;
  height: 100%;
  background-color: var(--primary-background-color);
  grid-template-rows: 130px 1fr auto;
  grid-template-columns: 1fr;
}

.c0 main {
  display: -webkit-box;
  display: -webkit-flex;
  display: -ms-flexbox;
  display: flex;
  -webkit-flex-direction: column;
  -ms-flex-direction: column;
  flex-direction: column;
  -webkit-align-items: center;
  -webkit-box-align: center;
  -ms-flex-align: center;
  align-items: center;
  -webkit-box-pack: center;
  -webkit-justify-content: center;
  -ms-flex-pack: center;
  justify-content: center;
}

.c0 .player-join-form-container {
  width: 100%;
  max-width: 1650px;
  margin: 0 auto;
  text-align: center;
  padding: 20px;
  margin-top: -88px;
}

.c0 .player-join-form {
  display: grid;
  grid-template-columns: 1fr;
  grid-template-rows: 60px 60px 40px 1fr;
}

.c0 .player-join-name-input {
  grid-row: 1;
  grid-column: 1;
}

.c0 .player-join-code-input {
  grid-row: 2;
  grid-column: 1;
}

.c0 .player-join-name-input,
.c0 .player-join-code-input {
  margin: 0 16px;
}

.c0 input {
  text-transform: uppercase;
  font-size: 1.2rem;
  border: none;
  border-bottom: 2px solid var(--primary-text-color);
  padding-top: 40px;
  background: transparent;
  padding-left: 0;
}

.c0 input::-webkit-input-placeholder {
  color: var(--primary-text-color);
  font-size: 1.2rem;
}

.c0 input::-moz-placeholder {
  color: var(--primary-text-color);
  font-size: 1.2rem;
}

.c0 input:-ms-input-placeholder {
  color: var(--primary-text-color);
  font-size: 1.2rem;
}

.c0 input::placeholder {
  color: var(--primary-text-color);
  font-size: 1.2rem;
}

.c3 {
  grid-row: 4;
  margin: 0 auto;
  width: 260px;
  height: 72px;
  border-radius: 2px;
  background-color: var(--secondary-background-color);
  font-size: 1.2rem;
  text-transform: uppercase;
}

@media (max-width:2000px) {
  .c4 {
    height: 140px;
    font-size: 2rem;
  }
}

@media (max-width:970px) {
  .c4 {
    text-align: center;
    font-size: 1.5rem;
  }
}

@media (max-height:40vw) {
  .c4 {
    height: 70px;
    font-size: 1.1rem;
  }
}

@media (max-width:785px) and (min-height:501px) {
  .c4 {
    height: 120px;
    background-color: transparent;
  }

  .c4 p {
    text-align: center;
    font-size: 1.2rem;
    padding-bottom: 32px;
    color: var(--accent-text-color);
  }

  .c4 a {
    color: var(--accent-text-color);
    display: block;
  }
}

@media (max-height:500px) {
  .c4 {
    height: 80px;
  }

  .c4 p {
    font-size: 13px;
  }
}

@media (max-width:320px) {
  .c4 {
    font-size: 1rem;
    padding-right: 0px;
  }
}

@media (max-width:600px) {
  .c1 .CoC {
    margin-bottom: -7px;
  }
}

@media (max-width:490px),(orientation:landscape) and (max-height:500px) {
  .c1 .welcome-to {
    display: none;
  }
}

@media (orientation:landscape) and (max-height:500px) {
  .c1 {
    height: 80px;
  }
}

@media (max-height:40vw) {
  .c1 {
    height: 15vh;
  }

  .c1 .CoC {
    font-size: 56px;
    margin-bottom: -9px;
  }

  .c1 .welcome-to {
    display: none;
  }
}

@media screen and (min-width:646px) {
  .c0 .player-join-form-container {
    padding-left: 40px;
    padding-right: 40px;
  }

  .c0 .player-join-form {
    grid-template-columns: 52% 48%;
    grid-template-rows: 60px 60px 40px 1fr;
  }

  .c0 .player-join-name-input {
    grid-row: 1;
    grid-column: 1 / 3;
  }

  .c0 .player-join-code-input {
    grid-row: 2;
    grid-column: 1 / 3;
  }

  .c0 .player-join-name-input,
  .c0 .player-join-code-input {
    margin: 0 16px;
  }
}

@media screen and (min-width:786px) {
  .c0 {
    grid-template-rows: 180px 1fr auto;
  }

  .c0 .player-join-form-container {
    max-width: 800px;
  }

  .c0 .player-join-form {
    grid-template-rows: 60px 60px 1fr;
  }

  .c0 .player-join-name-input {
    grid-row: 1;
    grid-column: 1;
  }

  .c0 .player-join-code-input {
    grid-row: 1;
    grid-column: 2;
  }
}

@media screen and (min-width:970px) {
  .c0 input {
    font-size: 1.2rem;
    border-bottom: 2px solid var(--primary-text-color);
    padding-top: 40px;
  }

  .c0 input::-webkit-input-placeholder {
    font-size: 1.2rem;
  }

  .c0 input::-moz-placeholder {
    font-size: 1.2rem;
  }

  .c0 input:-ms-input-placeholder {
    font-size: 1.2rem;
  }

  .c0 input::placeholder {
    font-size: 1.2rem;
  }
}

@media screen and (min-width:2000px) {
  .c0 .player-join-form-container {
    max-width: 1000px;
  }

  .c0 .player-join-form {
    grid-template-rows: 60px 88px 1fr;
  }

  .c0 input {
    font-size: 1.6rem;
    border-bottom: 2px solid var(--primary-text-color);
    padding-top: 36px;
  }

  .c0 input::-webkit-input-placeholder {
    font-size: 1.6rem;
  }

  .c0 input::-moz-placeholder {
    font-size: 1.6rem;
  }

  .c0 input:-ms-input-placeholder {
    font-size: 1.6rem;
  }

  .c0 input::placeholder {
    font-size: 1.6rem;
  }

  .c0 .player-join-name-input {
    margin-right: 16px;
  }

  .c0 .player-join-code-input {
    margin-left: 16px;
  }
}

@media screen and (min-width:2560px) {
  .c0 .player-join-form-container {
    max-width: 1650px;
    padding: 20px 80px 20px 80px;
  }

  .c0 .player-join-form {
    grid-template-rows: 90px 160px 1fr;
  }

  .c0 input {
    font-size: 4.4rem;
    font-weight: 500;
    border-bottom: 4px solid var(--primary-text-color);
    padding-top: 24px;
    padding-left: 0;
  }

  .c0 input::-webkit-input-placeholder {
    font-weight: 500;
    font-size: 4.4rem;
  }

  .c0 input::-moz-placeholder {
    font-weight: 500;
    font-size: 4.4rem;
  }

  .c0 input:-ms-input-placeholder {
    font-weight: 500;
    font-size: 4.4rem;
  }

  .c0 input::placeholder {
    font-weight: 500;
    font-size: 4.4rem;
  }

  .c0 .player-join-name-input {
    margin-right: 32px;
  }

  .c0 .player-join-code-input {
    margin-left: 32px;
  }
}

@media screen and (max-height:320px) {
  .c0 .player-join-form-container {
    margin-top: -20px;
  }

  .c0 .player-join-form {
    grid-template-rows: 50px 40px 1fr;
  }

  .c0 input {
    padding-top: 30px;
  }
}

@media screen and (min-height:321px) and (max-height:375px) {
  .c0 {
    grid-template-rows: 60px 1fr auto;
  }

  .c0 .player-join-form-container {
    margin-top: -20px;
  }
}

@media screen and (min-height:376px) and (max-height:414px) {
  .c0 .player-join-form-container {
    margin-top: -10px;
  }
}

@media screen and (min-height:415px) and (max-height:567px) {
  .c0 .player-join-form-container {
    margin-top: 10px;
  }

  .c0 .player-join-form {
    grid-template-rows: 60px 60px 1fr;
  }

  .c0 input {
    padding-top: 40px;
  }
}

@media screen and (max-height:567px) {
  .c0 {
    grid-template-rows: 60px 1fr auto;
  }

  .c0 .player-join-form {
    grid-template-columns: 52% 48%;
  }

  .c0 .player-join-name-input {
    grid-row: 1;
    grid-column: 1;
  }

  .c0 .player-join-code-input {
    grid-row: 1;
    grid-column: 2;
  }
}

@media screen and (min-width:646px) {
  .c3 {
    grid-column: 1 / 3;
  }
}

@media screen and (min-width:786px) {
  .c3 {
    grid-row: 4;
  }
}

@media screen and (min-width:970px) {
  .c3 {
    font-size: 1.2rem;
    width: 288px;
    height: 80px;
  }
}

@media screen and (min-width:2000px) {
  .c3 {
    font-size: 1.5rem;
    width: 360px;
    height: 100px;
  }
}

@media screen and (min-width:2560px) {
  .c3 {
    font-size: 4rem;
    width: 900px;
    height: 225px;
  }
}

@media screen and (max-height:567px) {
  .c3 {
    grid-column: 1 / 3;
    grid-row: 3;
  }
}

<div
  className="c0 primary-background"
  data-testid="player-join-container"
>
  <header
    className="c1"
  >
    <h1
      className="CoC"
    >
      CARDS OF CAROUSAL
    </h1>
  </header>
  <main>
    <div
      className="player-join-form-container"
    >
      <form
        className="player-join-form"
        onSubmit={[Function]}
      >
        <input
          className="player-join-name-input"
          maxLength="12"
          onChange={[Function]}
          placeholder="name"
          required={true}
          type="text"
          value=""
        />
        <input
          className="player-join-code-input"
          maxLength="4"
          onChange={[Function]}
          placeholder="join code"
          required={true}
          type="text"
          value=""
        />
        <button
          className="c2 c3"
          data-testid="player-join-submit-button"
          type="submit"
        >
          Let's Carouse!
        </button>
      </form>
    </div>
  </main>
  <footer
    className="c4"
  >
    <p>
      Card content thanks to:
       
      <a
        href="https://cardsagainsthumanity.com"
      >
        https://cardsagainsthumanity.com
      </a>
    </p>
    <p>
      Made by Odin students, with love:
       
      <a
        href="https://www.theodinproject.com"
      >
        https://www.theodinproject.com
      </a>
    </p>
  </footer>
</div>
`;
