// Jest Snapshot v1, https://goo.gl/fbAQLP

exports[`context emitter message handler does not respond to invalid message events 1`] = `
<DocumentFragment>
  <div>
    <p
      data-testid="lobby-id"
    />
    <p
      data-testid="socket-active"
    >
      false
    </p>
  </div>
</DocumentFragment>
`;
