// Jest Snapshot v1, https://goo.gl/fbAQLP

exports[`Host Pregame Screen rendering renders 1`] = `
.c1 {
  background-image: url(inactiveHamburger.svg);
  background-size: cover;
  background-color: transparent;
  border: 0;
  width: 25px;
  height: 25px;
}

.c2 {
  width: 100%;
  background-color: var(--secondary-background-color);
  color: var(--secondary-text-color);
}

.c0 {
  position: absolute;
  top: 0;
  right: 0;
  bottom: 0;
  left: 0;
  height: 100%;
  display: -webkit-box;
  display: -webkit-flex;
  display: -ms-flexbox;
  display: flex;
  -webkit-flex-direction: column;
  -ms-flex-direction: column;
  flex-direction: column;
}

.c0 .hamburger-container {
  position: absolute;
  right: 17px;
  top: 11px;
  z-index: 10100;
}

.c0 .host-layout-header {
  display: -webkit-box;
  display: -webkit-flex;
  display: -ms-flexbox;
  display: flex;
  -webkit-align-items: flex-end;
  -webkit-box-align: flex-end;
  -ms-flex-align: flex-end;
  align-items: flex-end;
  height: 50px;
}

.c0 .host-layout-header h2 {
  position: relative;
  bottom: -1px;
  font-size: 1rem;
  line-height: 0.8rem;
}

.c0 .components {
  display: -webkit-box;
  display: -webkit-flex;
  display: -ms-flexbox;
  display: flex;
  height: 100%;
}

.c0 .components .left {
  position: relative;
  display: -webkit-box;
  display: -webkit-flex;
  display: -ms-flexbox;
  display: flex;
  -webkit-flex-direction: column;
  -ms-flex-direction: column;
  flex-direction: column;
  min-width: 200px;
  background-color: var(--primary-background-color);
  box-shadow: 0px 4px 12px rgba(0,0,0,0.25);
}

.c0 .components .right {
  -webkit-box-flex: 1;
  -webkit-flex-grow: 1;
  -ms-flex-positive: 1;
  flex-grow: 1;
  position: relative;
}

.c4 {
  display: -webkit-box;
  display: -webkit-flex;
  display: -ms-flexbox;
  display: flex;
  -webkit-flex-direction: column;
  -ms-flex-direction: column;
  flex-direction: column;
  width: 486px;
  padding: 40px;
  background-color: var(--primary-background-color);
  position: relative;
}

.c4 > div:not(:last-child) {
  margin-bottom: 24px;
}

.c6 {
  display: -webkit-box;
  display: -webkit-flex;
  display: -ms-flexbox;
  display: flex;
  -webkit-flex-direction: column;
  -ms-flex-direction: column;
  flex-direction: column;
  line-height: 29px;
}

.c6 .join-code-title {
  font-size: 18px;
  color: var(--primary-text-color);
  background-color: var(--primary-background-color);
  font-weight: 700;
  width: 97px;
  height: 21px;
}

.c6 .join-code {
  display: -webkit-box;
  display: -webkit-flex;
  display: -ms-flexbox;
  display: flex;
  -webkit-align-items: center;
  -webkit-box-align: center;
  -ms-flex-align: center;
  align-items: center;
  -webkit-box-pack: center;
  -webkit-justify-content: center;
  -ms-flex-pack: center;
  justify-content: center;
  font-size: 56px;
  font-weight: bold;
  color: var(--secondary-text-color);
  background-color: var(--secondary-background-color);
  width: 305px;
  height: 70px;
}

.c5 {
  display: block;
  border: 2px solid var(--primary-text-color);
  font-size: 12px;
  font-weight: bold;
  padding: 0.7em;
  background: var(--secondary-background-color);
  color: var(--secondary-text-color);
}

.c5:hover,
.c5:active,
.c5:focus {
  background: var(--accent-background-color);
  cursor: pointer;
}

.c3 {
  display: -webkit-box;
  display: -webkit-flex;
  display: -ms-flexbox;
  display: flex;
  -webkit-flex-direction: column;
  -ms-flex-direction: column;
  flex-direction: column;
  height: 100%;
}

.c3 .player-list-wrapper {
  overflow-x: auto;
  border-bottom: 1px solid var(--primary-text-color);
  -webkit-box-flex: 1;
  -webkit-flex-grow: 1;
  -ms-flex-positive: 1;
  flex-grow: 1;
}

.c3 .buttons-wrapper {
  display: block;
  margin-bottom: 20px;
}

.c3 .bottom-left-wrapper {
  margin: 20px auto 32px;
  position: relative;
  bottom: 0;
  left: 0;
  right: 0;
}

.c3 .join-code-wrapper {
  display: -webkit-box;
  display: -webkit-flex;
  display: -ms-flexbox;
  display: flex;
  -webkit-box-pack: center;
  -webkit-justify-content: center;
  -ms-flex-pack: center;
  justify-content: center;
}

.c3 .host-pregame-button {
  padding: 0;
  background-color: var(--primary-background-color);
  color: var(--primary-text-color);
  margin: auto auto 12px;
}

.c3 .start-carousing {
  font-size: 0.875rem;
  padding: 16px 34px;
}

.c3 .close-game {
  font-size: 0.625rem;
  padding: 8px 20px;
}

.c7 {
  display: -webkit-box;
  display: -webkit-flex;
  display: -ms-flexbox;
  display: flex;
  -webkit-flex-direction: column;
  -ms-flex-direction: column;
  flex-direction: column;
  position: absolute;
  top: 0;
  bottom: 0;
  right: 0;
  left: 0;
}

.c7 .game-description {
  display: -webkit-box;
  display: -webkit-flex;
  display: -ms-flexbox;
  display: flex;
  -webkit-flex-direction: column;
  -ms-flex-direction: column;
  flex-direction: column;
  -webkit-box-pack: justify;
  -webkit-justify-content: space-between;
  -ms-flex-pack: justify;
  justify-content: space-between;
  background-color: var(--primary-background-color);
  -webkit-align-self: center;
  -ms-flex-item-align: center;
  align-self: center;
  margin: 24px;
  padding: 8px;
  border-radius: 5px;
  font-size: 1.8rem;
  font-weight: 700;
  box-shadow: 0px 4px 12px rgba(0,0,0,0.25);
}

.c7 .game-description p {
  margin: 16px 0;
}

.c7 .top {
  display: -webkit-box;
  display: -webkit-flex;
  display: -ms-flexbox;
  display: flex;
  height: 60%;
}

.c7 .bottom {
  height: 40%;
}

@media (min-width:800px) {
  .c0 .host-layout-header {
    height: 130px;
  }

  .c0 .components .left {
    min-width: 450px;
  }

  .c0 .components .host-layout-header h2 {
    font-size: 2.5rem;
    margin-bottom: -4px;
    line-height: 2rem;
  }
}

@media (min-width:2000px) {
  .c0 .components .left {
    min-width: 700px;
  }

  .c0 .components .host-layout-header h2 {
    font-size: 3.5rem;
    margin-bottom: -35px;
    line-height: 7rem;
  }
}

@media (min-width:3500px) {
  .c0 .host-layout-header {
    height: 200px;
  }

  .c0 .components .left {
    min-width: 1100px;
  }

  .c0 .components .host-layout-header h2 {
    font-size: 6rem;
    margin-bottom: -25px;
    line-height: 7rem;
  }
}

<div
  className="c0 primary-background"
>
  <div
    className="hamburger-container"
  >
    <button
      className="c1"
      onClick={[Function]}
    />
  </div>
  <div
    className="components"
  >
    <div
      className="left"
    >
      <header
        className="c2 host-layout-header"
      >
        <h2>
          CARDS OF CAROUSAL
        </h2>
      </header>
      <div
        className="c3"
      >
        <div
          className="player-list-wrapper"
        >
          <div
            className="c4"
            data-testid="playerList-container"
          />
        </div>
        <div
          className="bottom-left-wrapper"
        >
          <div
            className="buttons-wrapper"
          >
            <button
              className="c5 host-pregame-button"
              onClick={[Function]}
            >
              <div
                className="start-carousing"
              >
                START CAROUSING
              </div>
            </button>
            <button
              className="c5 host-pregame-button"
              onClick={[Function]}
            >
              <div
                className="close-game"
              >
                CLOSE GAME
              </div>
            </button>
          </div>
          <div
            className="join-code-wrapper"
          >
            <div
              className="c6"
            >
              <p
                className="join-code-title"
              >
                JOIN CODE:
              </p>
              <p
                className="join-code"
                data-testid="join-code"
              >
                
              </p>
            </div>
          </div>
        </div>
      </div>
    </div>
    <div
      className="right"
    >
      <div
        className="c7"
      >
        <div
          className="top"
        >
          <div
            className="game-description"
          >
            <p>
              Cards of Carousal is a game for lorem ipsum dolor.
            </p>
            <p>
              Lorem ipsum dolor sit amet consectetur adipisicing elit. Esse, doloribus quaerat incidunt excepturi odit eos!
            </p>
            <p>
              Qui delectus laboriosam aperiam maxime optio, architecto asperiores, at ullam.
            </p>
          </div>
        </div>
        <div
          className="bottom"
        >
          <div
            data-testid="game-settings"
          />
        </div>
      </div>
    </div>
  </div>
</div>
`;
