// Jest Snapshot v1, https://goo.gl/fbAQLP

exports[`WelcomeScreen renders correctly 1`] = `
.c1 {
  width: 100%;
  background-color: var(--secondary-background-color);
  color: var(--secondary-text-color);
}

.c2 {
  display: block;
  border: 2px solid var(--primary-text-color);
  font-size: 12px;
  font-weight: bold;
  padding: 0.7em;
  background: var(--primary-background-color);
  color: var(--primary-text-color);
}

.c2:hover,
.c2:active,
.c2:focus {
  background: var(--accent-background-color);
  cursor: pointer;
}

.c3 {
  height: 140px;
  font-size: 2rem;
  font-weight: 400;
  padding-right: 16px;
  padding-bottom: 10px;
  display: -webkit-box;
  display: -webkit-flex;
  display: -ms-flexbox;
  display: flex;
  -webkit-flex-direction: column;
  -ms-flex-direction: column;
  flex-direction: column;
  -webkit-box-pack: end;
  -webkit-justify-content: flex-end;
  -ms-flex-pack: end;
  justify-content: flex-end;
  background-color: var(--secondary-background-color);
  color: var(--secondary-text-color);
}

.c3 p {
  text-align: right;
  position: relative;
}

.c3 a {
  color: var(--secondary-text-color);
  -webkit-text-decoration: none;
  text-decoration: none;
}

.c0 {
  position: fixed;
  top: 0;
  bottom: 0;
  left: 0;
  right: 0;
  display: -webkit-box;
  display: -webkit-flex;
  display: -ms-flexbox;
  display: flex;
  -webkit-flex-direction: column;
  -ms-flex-direction: column;
  flex-direction: column;
  background-color: var(--primary-background-color);
}

.c0 .header-container {
  display: -webkit-box;
  display: -webkit-flex;
  display: -ms-flexbox;
  display: flex;
  height: 190px;
  -webkit-flex-direction: column;
  -ms-flex-direction: column;
  flex-direction: column;
  -webkit-box-pack: end;
  -webkit-justify-content: flex-end;
  -ms-flex-pack: end;
  justify-content: flex-end;
}

.c0 .welcome-to {
  margin-top: 0px;
  line-height: 2rem;
  margin-bottom: -0.14px;
}

.c0 .CoC {
  font-size: 6rem;
  margin-bottom: -16px;
  vertical-align: bottom;
  line-height: 6rem;
}

.c0 .main-body-container {
  display: -webkit-box;
  display: -webkit-flex;
  display: -ms-flexbox;
  display: flex;
  -webkit-flex-direction: column;
  -ms-flex-direction: column;
  flex-direction: column;
  -webkit-box-pack: center;
  -webkit-justify-content: center;
  -ms-flex-pack: center;
  justify-content: center;
  -webkit-align-items: center;
  -webkit-box-align: center;
  -ms-flex-align: center;
  align-items: center;
  margin: auto;
}

.c0 .definition-container {
  display: -webkit-box;
  display: -webkit-flex;
  display: -ms-flexbox;
  display: flex;
  -webkit-flex-direction: column;
  -ms-flex-direction: column;
  flex-direction: column;
  font-size: 3.2rem;
  font-weight: 700;
  -webkit-transform: rotate(-5deg);
  -ms-transform: rotate(-5deg);
  transform: rotate(-5deg);
  margin-bottom: 144px;
  line-height: 3.3rem;
}

.c0 .definition {
  font-size: 2.75rem;
  font-weight: 400;
}

.c0 .button-container {
  display: -webkit-box;
  display: -webkit-flex;
  display: -ms-flexbox;
  display: flex;
  -webkit-flex-direction: row;
  -ms-flex-direction: row;
  flex-direction: row;
  -webkit-align-items: center;
  -webkit-box-align: center;
  -ms-flex-align: center;
  align-items: center;
}

.c0 .join-btn {
  display: -webkit-box;
  display: -webkit-flex;
  display: -ms-flexbox;
  display: flex;
  -webkit-box-pack: center;
  -webkit-justify-content: center;
  -ms-flex-pack: center;
  justify-content: center;
  -webkit-align-items: center;
  -webkit-box-align: center;
  -ms-flex-align: center;
  align-items: center;
  width: 256px;
  height: 48px;
  font-size: 2.5rem;
  font-weight: 900;
}

.c0 .OR {
  display: -webkit-box;
  display: -webkit-flex;
  display: -ms-flexbox;
  display: flex;
  -webkit-align-items: center;
  -webkit-box-align: center;
  -ms-flex-align: center;
  align-items: center;
  -webkit-box-pack: center;
  -webkit-justify-content: center;
  -ms-flex-pack: center;
  justify-content: center;
  background-color: var(--secondary-background-color);
  color: var(--secondary-text-color);
  border-radius: 50%;
  padding: 16px;
  width: 72px;
  height: 72px;
  margin-left: 93px;
  margin-right: 93px;
  font-size: 2.25rem;
  font-weight: 700;
}

.c0 .footer-container {
  display: -webkit-box;
  display: -webkit-flex;
  display: -ms-flexbox;
  display: flex;
  -webkit-flex-direction: column;
  -ms-flex-direction: column;
  flex-direction: column;
  -webkit-align-items: flex-end;
  -webkit-box-align: flex-end;
  -ms-flex-align: flex-end;
  align-items: flex-end;
  -webkit-box-pack: end;
  -webkit-justify-content: flex-end;
  -ms-flex-pack: end;
  justify-content: flex-end;
  margin-top: auto;
  height: 140px;
  background-color: var(--secondary-background-color);
  color: var(--secondary-text-color);
  font-size: 2rem;
  font-weight: 400;
  padding-right: 20px;
}

@media (max-width:970px) {
  .c3 {
    text-align: center;
    font-size: 1.5rem;
  }
}

@media (max-width:785px) {
  .c3 {
    height: 120px;
    background-color: transparent;
  }

  .c3 p {
    color: var(--accent-text-color);
    text-align: center;
    font-size: 1.2rem;
    padding-bottom: 32px;
  }

  .c3 a {
    color: var(--accent-text-color);
    display: block;
  }
}

@media (max-width:320px) {
  .c3 {
    font-size: 1rem;
    padding-right: 0px;
  }
}

@media (max-width:970px) {
  .c0 .definition-container {
    margin-bottom: 80px;
  }

  .c0 .CoC {
    font-size: 4rem;
    margin-bottom: -21px;
    line-height: 5rem;
  }
}

@media (max-width:785px) {
  .c0 .header-container {
    height: 180px;
  }

  .c0 .CoC {
    font-size: 4rem;
    margin-bottom: -15px;
    line-height: 4.5rem;
  }

  .c0 .definition-container {
    display: none;
    margin-bottom: 48px;
  }

  .c0 .join-btn {
    width: 224px;
  }

  .c0 .host-btn {
    display: none;
  }

  .c0 .OR {
    display: none;
  }
}

@media (max-width:645px) {
  .c0 .welcome-to {
    display: none;
  }
}

@media (max-width:320px) {
  .c0 .header-container {
    height: 130px;
  }

  .c0 .CoC {
    font-size: 3rem;
    margin-bottom: 12px;
    vertical-align: bottom;
    line-height: 3.5rem;
  }
}

<div
  className="c0 primary-background"
>
  <header
    className="c1 header-container"
  >
    <h1
      className="welcome-to"
    >
      WELCOME TO
    </h1>
    <h2
      className="CoC"
    >
      CARDS OF CAROUSAL
    </h2>
  </header>
  <main
    className="main-body-container"
  >
    <div
      className="definition-container"
    >
      <div
        className="word"
      >
        CAROUSAL 
        <span
          className="definition"
        >
          (n)
        </span>
      </div>
      <div
        className="definition"
      >
        a wild, drunken party or celebration : a drunken revel
      </div>
    </div>
    <div
      className="button-container"
    >
      <button
        className="c2 join-btn"
        type="button"
      >
        <p>
           JOIN
        </p>
      </button>
      <div
        className="OR"
      >
        OR
      </div>
      <button
        className="c2  join-btn host-btn"
        type="button"
      >
        <p>
          HOST
        </p>
      </button>
    </div>
  </main>
  <footer
    className="c3"
  >
    <p>
      Card content thanks to:
       
      <a
        href="https://cardsagainsthumanity.com"
      >
        https://cardsagainsthumanity.com
      </a>
    </p>
    <p>
      Made by Odin students, with love:
       
      <a
        href="https://www.theodinproject.com"
      >
        https://www.theodinproject.com
      </a>
    </p>
  </footer>
</div>
`;
